// Jest Snapshot v1, https://goo.gl/fbAQLP

exports[`Artwork test snapshot for artwork 1`] = `
Object {
  "asFragment": [Function],
  "baseElement": <body>
    <div>
      <div
        class="container"
      >
        <p />
        <div
          class="mainContainer"
        >
          <div
            class="infoContainer"
          >
            <h1 />
            <h3 />
            <p />
          </div>
          <div
            class="imgContainer"
          >
            <img />
          </div>
        </div>
        <div
          class="mainContainer"
        >
          <h4>
            Artwork Details
          </h4>
          <div
            class="detailsContainer"
          >
            <div
              class="leftDetails"
            >
              <p>
                <span
                  class="bold"
                >
                  Title: 
                </span>
              </p>
              <p>
                <span
                  class="bold"
                >
                  Artist: 
                </span>
                <span />
              </p>
              <p>
                <span
                  class="bold"
                >
                  Date: 
                </span>
              </p>
              <p>
                <span
                  class="bold"
                >
                  Culture: 
                </span>
              </p>
            </div>
            <div
              class="rigthDetails"
            >
              <p>
                <span
                  class="bold"
                >
                  Medium: 
                </span>
              </p>
              <p>
                <span
                  class="bold"
                >
                  Dimensions: 
                </span>
              </p>
              <p>
                <span
                  class="bold"
                >
                  Classifications: 
                </span>
              </p>
              <p>
                <a>
                  Learn more...
                </a>
              </p>
            </div>
          </div>
        </div>
      </div>
    </div>
  </body>,
  "container": <div>
    <div
      class="container"
    >
      <p />
      <div
        class="mainContainer"
      >
        <div
          class="infoContainer"
        >
          <h1 />
          <h3 />
          <p />
        </div>
        <div
          class="imgContainer"
        >
          <img />
        </div>
      </div>
      <div
        class="mainContainer"
      >
        <h4>
          Artwork Details
        </h4>
        <div
          class="detailsContainer"
        >
          <div
            class="leftDetails"
          >
            <p>
              <span
                class="bold"
              >
                Title: 
              </span>
            </p>
            <p>
              <span
                class="bold"
              >
                Artist: 
              </span>
              <span />
            </p>
            <p>
              <span
                class="bold"
              >
                Date: 
              </span>
            </p>
            <p>
              <span
                class="bold"
              >
                Culture: 
              </span>
            </p>
          </div>
          <div
            class="rigthDetails"
          >
            <p>
              <span
                class="bold"
              >
                Medium: 
              </span>
            </p>
            <p>
              <span
                class="bold"
              >
                Dimensions: 
              </span>
            </p>
            <p>
              <span
                class="bold"
              >
                Classifications: 
              </span>
            </p>
            <p>
              <a>
                Learn more...
              </a>
            </p>
          </div>
        </div>
      </div>
    </div>
  </div>,
  "debug": [Function],
  "findAllByAltText": [Function],
  "findAllByDisplayValue": [Function],
  "findAllByLabelText": [Function],
  "findAllByPlaceholderText": [Function],
  "findAllByRole": [Function],
  "findAllByTestId": [Function],
  "findAllByText": [Function],
  "findAllByTitle": [Function],
  "findByAltText": [Function],
  "findByDisplayValue": [Function],
  "findByLabelText": [Function],
  "findByPlaceholderText": [Function],
  "findByRole": [Function],
  "findByTestId": [Function],
  "findByText": [Function],
  "findByTitle": [Function],
  "getAllByAltText": [Function],
  "getAllByDisplayValue": [Function],
  "getAllByLabelText": [Function],
  "getAllByPlaceholderText": [Function],
  "getAllByRole": [Function],
  "getAllByTestId": [Function],
  "getAllByText": [Function],
  "getAllByTitle": [Function],
  "getByAltText": [Function],
  "getByDisplayValue": [Function],
  "getByLabelText": [Function],
  "getByPlaceholderText": [Function],
  "getByRole": [Function],
  "getByTestId": [Function],
  "getByText": [Function],
  "getByTitle": [Function],
  "queryAllByAltText": [Function],
  "queryAllByDisplayValue": [Function],
  "queryAllByLabelText": [Function],
  "queryAllByPlaceholderText": [Function],
  "queryAllByRole": [Function],
  "queryAllByTestId": [Function],
  "queryAllByText": [Function],
  "queryAllByTitle": [Function],
  "queryByAltText": [Function],
  "queryByDisplayValue": [Function],
  "queryByLabelText": [Function],
  "queryByPlaceholderText": [Function],
  "queryByRole": [Function],
  "queryByTestId": [Function],
  "queryByText": [Function],
  "queryByTitle": [Function],
  "rerender": [Function],
  "unmount": [Function],
}
`;

exports[`Coins test snapshot for coins 1`] = `
Object {
  "asFragment": [Function],
  "baseElement": <body>
    <div>
      <div
        class="container"
      >
        <p />
        <div
          class="mainContainer"
        >
          <div
            class="infoContainer"
          >
            <h1 />
            <h3 />
            <p />
          </div>
          <div
            class="imgContainer"
          >
            <img />
          </div>
        </div>
        <div
          class="mainContainer"
        >
          <h4>
            Artwork Details
          </h4>
          <div
            class="detailsContainer"
          >
            <div
              class="leftDetails"
            >
              <p>
                <span
                  class="bold"
                >
                  Title: 
                </span>
              </p>
              <p>
                <span
                  class="bold"
                >
                  Artist: 
                </span>
                <span />
              </p>
              <p>
                <span
                  class="bold"
                >
                  Date: 
                </span>
              </p>
              <p>
                <span
                  class="bold"
                >
                  Culture: 
                </span>
              </p>
            </div>
            <div
              class="rigthDetails"
            >
              <p>
                <span
                  class="bold"
                >
                  Medium: 
                </span>
              </p>
              <p>
                <span
                  class="bold"
                >
                  Dimensions: 
                </span>
              </p>
              <p>
                <span
                  class="bold"
                >
                  Classifications: 
                </span>
              </p>
              <p>
                <a>
                  Learn more...
                </a>
              </p>
            </div>
          </div>
        </div>
      </div>
    </div>
  </body>,
  "container": <div>
    <div
      class="container"
    >
      <p />
      <div
        class="mainContainer"
      >
        <div
          class="infoContainer"
        >
          <h1 />
          <h3 />
          <p />
        </div>
        <div
          class="imgContainer"
        >
          <img />
        </div>
      </div>
      <div
        class="mainContainer"
      >
        <h4>
          Artwork Details
        </h4>
        <div
          class="detailsContainer"
        >
          <div
            class="leftDetails"
          >
            <p>
              <span
                class="bold"
              >
                Title: 
              </span>
            </p>
            <p>
              <span
                class="bold"
              >
                Artist: 
              </span>
              <span />
            </p>
            <p>
              <span
                class="bold"
              >
                Date: 
              </span>
            </p>
            <p>
              <span
                class="bold"
              >
                Culture: 
              </span>
            </p>
          </div>
          <div
            class="rigthDetails"
          >
            <p>
              <span
                class="bold"
              >
                Medium: 
              </span>
            </p>
            <p>
              <span
                class="bold"
              >
                Dimensions: 
              </span>
            </p>
            <p>
              <span
                class="bold"
              >
                Classifications: 
              </span>
            </p>
            <p>
              <a>
                Learn more...
              </a>
            </p>
          </div>
        </div>
      </div>
    </div>
  </div>,
  "debug": [Function],
  "findAllByAltText": [Function],
  "findAllByDisplayValue": [Function],
  "findAllByLabelText": [Function],
  "findAllByPlaceholderText": [Function],
  "findAllByRole": [Function],
  "findAllByTestId": [Function],
  "findAllByText": [Function],
  "findAllByTitle": [Function],
  "findByAltText": [Function],
  "findByDisplayValue": [Function],
  "findByLabelText": [Function],
  "findByPlaceholderText": [Function],
  "findByRole": [Function],
  "findByTestId": [Function],
  "findByText": [Function],
  "findByTitle": [Function],
  "getAllByAltText": [Function],
  "getAllByDisplayValue": [Function],
  "getAllByLabelText": [Function],
  "getAllByPlaceholderText": [Function],
  "getAllByRole": [Function],
  "getAllByTestId": [Function],
  "getAllByText": [Function],
  "getAllByTitle": [Function],
  "getByAltText": [Function],
  "getByDisplayValue": [Function],
  "getByLabelText": [Function],
  "getByPlaceholderText": [Function],
  "getByRole": [Function],
  "getByTestId": [Function],
  "getByText": [Function],
  "getByTitle": [Function],
  "queryAllByAltText": [Function],
  "queryAllByDisplayValue": [Function],
  "queryAllByLabelText": [Function],
  "queryAllByPlaceholderText": [Function],
  "queryAllByRole": [Function],
  "queryAllByTestId": [Function],
  "queryAllByText": [Function],
  "queryAllByTitle": [Function],
  "queryByAltText": [Function],
  "queryByDisplayValue": [Function],
  "queryByLabelText": [Function],
  "queryByPlaceholderText": [Function],
  "queryByRole": [Function],
  "queryByTestId": [Function],
  "queryByText": [Function],
  "queryByTitle": [Function],
  "rerender": [Function],
  "unmount": [Function],
}
`;
